---
source: datafusion-tracing/src/preview_utils.rs
expression: result
---
+---+----------------…
| a | country        …
|===+================…
| 1 | France         …
|---+----------------…
| 3 | United Kingdom …
|---+----------------…
| 7 | Spain          …
+---+----------------…
