---
source: integration/tests/integration_tests.rs
expression: preview
---
++
++
++
