---
source: tests/integration_tests.rs
expression: preview
---
+----------+
| Int64(1) |
|==========|
| 1        |
+----------+
