---
source: tests/integration_tests.rs
expression: preview
---
+-------------+-------------+-------------+--------+
| n_nationkey | nation_name | region_name | letter |
|=============+=============+=============+========|
| 0           | ALGERIA     | AFRICA      | A      |
|-------------+-------------+-------------+--------|
| 0           | ALGERIA     | AFRICA      | L      |
|-------------+-------------+-------------+--------|
| 0           | ALGERIA     | AFRICA      | G      |
|-------------+-------------+-------------+--------|
| 0           | ALGERIA     | AFRICA      | E      |
|-------------+-------------+-------------+--------|
| 0           | ALGERIA     | AFRICA      | R      |
+-------------+-------------+-------------+--------+
