---
source: tests/integration_tests.rs
expression: preview
---
+-------------+---------------+----------------+
| region_name | nation_name   | scrabble_score |
|=============+===============+================|
| AMERICA     | BRAZIL        | 17             |
|-------------+---------------+----------------|
| AMERICA     | UNITED STATES | 13             |
|-------------+---------------+----------------|
| AMERICA     | ARGENTINA     | 10             |
|-------------+---------------+----------------|
| AMERICA     | CANADA        | 9              |
|-------------+---------------+----------------|
| AMERICA     | PERU          | 6              |
+-------------+---------------+----------------+
