---
source: tests/integration_tests.rs
expression: preview
---
+-------------+-------------+
| r_regionkey | r_name      |
|=============+=============|
| 1           | AMERICA     |
|-------------+-------------|
| 3           | EUROPE      |
|-------------+-------------|
| 0           | AFRICA      |
|-------------+-------------|
| 2           | ASIA        |
|-------------+-------------|
| 4           | MIDDLE EAST |
+-------------+-------------+
