---
source: tests/integration_tests.rs
expression: preview
---
+---+
| n |
|===|
| 1 |
|---|
| 2 |
|---|
| 3 |
+---+
