---
source: tests/integration_tests.rs
expression: preview
---
+---------+
| MinTemp |
|=========|
| 8.0     |
|---------|
| 14.0    |
|---------|
| 13.7    |
|---------|
| 13.3    |
|---------|
| 7.6     |
+---------+
