---
source: tests/integration_tests.rs
expression: preview
---
+---------+
| MinTemp |
|=========|
| 6.6     |
|---------|
| -1.6    |
|---------|
| -3.1    |
|---------|
| -0.1    |
|---------|
| -0.6    |
+---------+
