---
source: tests/integration_tests.rs
expression: preview
---
+---------+------------------------+
| MinTemp | count(Int64(1))[count] |
|=========+========================|
| 10.1    | 3                      |
|---------+------------------------|
| 17.2    | 2                      |
|---------+------------------------|
| 11.8    | 1                      |
|---------+------------------------|
| 16.7    | 1                      |
|---------+------------------------|
| 10.1    | 1                      |
+---------+------------------------+
