---
source: tests/integration_tests.rs
expression: preview
---
+---------+------------------------+
| MinTemp | count(Int64(1))[count] |
|=========+========================|
| 1.8     | 1                      |
|---------+------------------------|
| 2.7     | 1                      |
|---------+------------------------|
| -0.9    | 3                      |
|---------+------------------------|
| 1.3     | 1                      |
|---------+------------------------|
| -2.2    | 1                      |
+---------+------------------------+
